intra | res | intra+res dipole ( O  )=    -0.0000   -0.0000    0.6081 |     0.0000    0.0000    0.0075 |    -0.0000    0.0000    0.6157
intra | res | intra+res dipole ( H  )=     0.0000    0.0000   -0.0000 |     0.0000    0.0030    0.0038 |     0.0000    0.0030    0.0038
intra | res | intra+res dipole ( H  )=     0.0000   -0.0000   -0.0000 |    -0.0000   -0.0030    0.0038 |    -0.0000   -0.0030    0.0038