intra | res | intra+res dipole ( O  )=     0.0000    0.0000    0.6793 |    -0.0000   -0.0000    0.1151 |     0.0000   -0.0000    0.7944
intra | res | intra+res dipole ( H  )=     0.0000    0.0000   -0.0000 |    -0.0000    0.0460    0.0575 |    -0.0000    0.0460    0.0575
intra | res | intra+res dipole ( H  )=     0.0000   -0.0000   -0.0000 |    -0.0000   -0.0460    0.0575 |    -0.0000   -0.0460    0.0575
