               Welcome to FIREBALL QMD !        
           A fast local orbital QMD Package     
      brought to you by the Fireball Committee: 
   
                  James P. Lewis 
         Department of Physics and Astronomy 
              Brigham Young University 
   
                  Otto F. Sankey 
        Department of Physics and Astronomy 
            Arizona State University 
   
                   Jose Ortega 
              Departmento de Fisica 
        Teorica de la Materia Condensada 
         Universidad Autonoma de Madrid 
   
                 Pavel Jelinek 
              Institute of Physics 
             Prague, Czech Republic 
   
   
              with contributions from: 
   
  Alex A. Demkov (Motorola Physical Sciences Research Labs)
  Gary B. Adams (Arizona State University) 
  Jian Jun Dong (Arizona State University) 
  David A. Drabold (Ohio University) 
  Peter A. Fedders (Washington University) 
  Kurt R. Glaesemann (University of Utah) 
  Kevin Schmidt (Arizona State University) 
  Spencer Shellman (University of Utah) 
  John Tomfohr (Arizona State University) 
  Hao Wang (Brigham Young University) 
  Daniel G. Trabada (Universidad Autonoma de Madrid) 
  Jesus I. Mendieta-Moreno (Universidad Autonoma de Madrid) 
   
   
   fireball-qmd is a free (GPLv3) open project  
   
   
   
  ======================================================================
  Now reading file fireball.in 
   
   
  ----- WARNING ----
  KS theory requires Mulliken charges
  Mulliken charges switched on
  ======================================================================
  The name of the basisfile: 
   file = input.bas                     
   
  ======================================================================
  The name of the lattice vector file: 
   file = input.lvs                     
   
  ======================================================================
  The name of the k-points file: 
   file = input.kpts                    
  iimage =            0
   
  The maximum number of iterations to self- 
  consistency.
  max_scf_iterations =          200
  ======================================================================
   
  Now we are reading from the info.dat file. 
   
  Reading atom Coordinates from Basis File 
   
  You are doing a cluster calculation 
  Lattice vectors are not needed or read in 
   
   
  You are doing a cluster calculation 
  k-points are not read in 
   
   
  ======================================================================
  You have chosen iquench =           -1
  Optionally read information from the fireball.in file. 
   
   
  ======================================================================
  Now reading file fireball.in 
   
  In the event that you are searching for an energy 
  minimum, you can also choose energy and force 
  tolerances - energy_tol and force_tol. These tolerances 
  will stop execution after they are achieved. Input a 
  number for all of the following, even if option is not 
  being used! 
  Input energy_tol, force_tol, T_want, taurelax: 
   
  energy tolerance =   1.000000000000000E-004  [eV]
  force tolerance  =   5.000000000000000E-002  [eV/A]
  T_want =   0.000000000000000E+000  [K]
  taurelax =    50.0000000000000     
  ======================================================================
   
   
  The Input Charges Are: 
  ======================================================================
   Atom #    Type    Shells   Charges 
  ======================================================================
       1       O       9      2.00  1.33  1.33  1.33  0.00  0.00  0.00  0.00  0.00
       2       H       2      1.00  0.00
       3       H       2      1.00  0.00
  ======================================================================
   
  ---------------------  DEFINE GRID  ----------------------*
   Openning fireball.in file
    Ecut =     4.000000
    ifixg0 = 0
    droff =     1.000000
   
  ---------------------  END READGRID  ----------------------*
   
   Calculated position of the Center-of-Mass:     0.000    0.000    0.054
   
  Constraining angular momentum!!!! 
   
   initial lcm =    0.0000000D+00   0.0000000D+00   0.0000000D+00
     final lcm =    0.0000000D+00   0.0000000D+00   0.0000000D+00
  Constraining the velocities about the center-of-mass 
  Rescaling the velocities based on desired temperature. 
 T_instantaneous  0.000000000000000E+000
 T_initial  0.000000000000000E+000
   
  Atom Velocities: 
  ======================================================================
   Atom #    Type        x           y           z        Species # 
  ======================================================================
       1       O      0.00000     0.00000     0.00000        2
       2       H      0.00000     0.00000     0.00000        1
       3       H      0.00000     0.00000     0.00000        1
  call read_wf
    Read wave function from file: /home/jorge/research/charges/runs/HCNOFS
     shell:  1 ispec: 1 dr =     0.0031750635
       Checking normalization [NORM(l) should be 1]
       NORM (shell = 1) =   0.999999999746
    --------------------------------------------------- 
   Checking normalization for mesh:           40
       NORM (shell = 1) =   0.999977025671
    --------------------------------------------------- 
    Read wave function from file: /home/jorge/research/charges/runs/HCNOFS
     shell:  2 ispec: 1 dr =     0.0031750635
       Checking normalization [NORM(l) should be 1]
       NORM (shell = 2) =   0.999999999714
    --------------------------------------------------- 
   Checking normalization for mesh:           40
       NORM (shell = 2) =   0.997478324205
    --------------------------------------------------- 
    Read wave function from file: /home/jorge/research/charges/runs/HCNOFS
     shell:  1 ispec: 2 dr =     0.0031750635
       Checking normalization [NORM(l) should be 1]
       NORM (shell = 1) =   0.999999999738
    --------------------------------------------------- 
   Checking normalization for mesh:           40
       NORM (shell = 1) =   0.999999956396
    --------------------------------------------------- 
    Read wave function from file: /home/jorge/research/charges/runs/HCNOFS
     shell:  2 ispec: 2 dr =     0.0031750635
       Checking normalization [NORM(l) should be 1]
       NORM (shell = 2) =   0.999999999764
    --------------------------------------------------- 
   Checking normalization for mesh:           40
       NORM (shell = 2) =   1.000010177526
    --------------------------------------------------- 
    Read wave function from file: /home/jorge/research/charges/runs/HCNOFS
     shell:  3 ispec: 2 dr =     0.0031750635
       Checking normalization [NORM(l) should be 1]
       NORM (shell = 3) =   0.999999999751
    --------------------------------------------------- 
   Checking normalization for mesh:           40
       NORM (shell = 3) =   1.000000011719
    --------------------------------------------------- 
   
  *---------------------  END READ_WF  ----------------------*
  call read_vna
    Read neutral atomic potential from file: /home/jorge/research/charges/runs/HCNOFS
    Read neutral atomic potential from file: /home/jorge/research/charges/runs/HCNOFS
   
  *---------------------  END READ_VNA  ----------------------*
  initialize grid
  ---------------------------------
           Lattice vector          
  ---------------------------------
   24.2630536246336       0.000000000000000E+000  0.000000000000000E+000
  0.000000000000000E+000   24.2630536246336       0.000000000000000E+000
  0.000000000000000E+000  0.000000000000000E+000   24.2630536246336     
 atomic units
   45.8505229967542       0.000000000000000E+000  0.000000000000000E+000
  0.000000000000000E+000   45.8505229967542       0.000000000000000E+000
  0.000000000000000E+000  0.000000000000000E+000   45.8505229967542     
 Reciporocal Lattice vector [Angstrom]:
  0.258961027922736       0.000000000000000E+000  0.000000000000000E+000
  0.000000000000000E+000  0.258961027922736       0.000000000000000E+000
  0.000000000000000E+000  0.000000000000000E+000  0.258961027922736     
 Volume [Ang^3]=    14283.5570650228     
 Reciporocal Lattice vector [abohr]:
  0.137036284354366       0.000000000000000E+000  0.000000000000000E+000
  0.000000000000000E+000  0.137036284354366       0.000000000000000E+000
  0.000000000000000E+000  0.000000000000000E+000  0.137036284354366     
 Reciporocal Elementary Lattice vector [Angstrom]:
   4.03906291088206       0.000000000000000E+000  0.000000000000000E+000
  0.000000000000000E+000   4.03906291088206       0.000000000000000E+000
  0.000000000000000E+000  0.000000000000000E+000   4.03906291088206     
 Volume [Ang^3]=    65.8933902609433     
 Reciporocal Elementary Lattice vector [abohr]:
   4.03906291088206       0.000000000000000E+000  0.000000000000000E+000
  0.000000000000000E+000   4.03906291088206       0.000000000000000E+000
  0.000000000000000E+000  0.000000000000000E+000   4.03906291088206     
   ---------  Begin mesh Info --------- 
 
 Rc_max = 3.175062
   Ecut =         4.000000 [Ry] 
   droff =         1.000000 [Ang] 
   Virtual initial grid point :    -12.13152681    -12.13152681    -12.41704281
 Regular mesh:        98       98       98   941192
dVol :      0.01517603
 Extended mesh:       124      124      124  1906624
  Elementary grid lattice vector :
          0.24758218      0.00000000      0.00000000
          0.00000000      0.24758218      0.00000000
          0.00000000      0.00000000      0.24758218
   ---------   End mesh Info --------- 
 atomic mesh
 Atomic mesh:        27       27       27     8829
   ----    the FDM grid informations   ----- 
   Ecut =         4.000000 [Ry] 
   Normal FDM mesh:       941192
   Number of points =        98       98       98
   Extended FDM mesh:      1000000
   Number of points =       100      100      100
 
  In setgear, using gear order of            2
 
  Initiallizing arrays 
 Initialize density matrix
    Initialize density matrix (using atomic configuration) 
   
  ======================================================================
  READING DATA FROM DATA FILES IN FDATA DIRECTORY: 
  ======================================================================
   
  Calling read_2c for 2-Center Interaction #            1
  ======================================================================
   
  Calling read_2c for 2-Center Interaction #            2
  ======================================================================
   
  Calling read_2c for 2-Center Interaction #            3
  ======================================================================
   
  Calling read_2c for 2-Center Interaction #            4
  ======================================================================
   
  Calling read_2c for 2-Center Interaction #            5
  ======================================================================
   
  Calling read_2c for 2-Center Interaction #            6
  ======================================================================
   
  Calling read_2c for 2-Center Interaction #            7
  ======================================================================
   
  Calling read_2c for 2-Center Interaction #            8
  ======================================================================
   
  Calling read_2c for 2-Center Interaction #           9
  ======================================================================
   
  Calling read_2c for 2-Center Interaction #           10
  ======================================================================
   
  Calling read_2c for 2-Center Interaction #           11
  ======================================================================
   
  Calling read_2c for 2-Center Interaction #           12
  ======================================================================
   
  Calling read_2c for 2-Center Interaction #           13
  ======================================================================
   
  Calling read3c for 3-Center Interaction #            1
  ======================================================================
  ======================================================================
  Running setterp_2d. Set up two-dimensional interpolator. 
   
  ======================================================= 
              Begin molecular dynamics simulation. 
  ======================================================= 
   
   
   
  ****************************************************** 
  Begin time step =            1  scf step =            1
  ****************************************************** 
   
   
  ======================================================================
  Now we are assembling KS Hamiltonian. 
   
   
   
   
  Assemble two-center interactions. 
   
  Assemble three-center interactions. 
  Assemble three-center PP interactions. 
  Assemble atomic density 
 elvec
    0.247582    0.000000    0.000000
    0.000000    0.247582    0.000000
    0.000000    0.000000    0.247582
 Rc_max =   3.17506200000000     
  Psi^2 =   13.4165339825912     
 vol    =  1.517602897710857E-002
 # hit  =      114777
SPHERE =     0.0151760  1741.8590779   134.0742080  1607.7848699    12.9917536
  -- Total atomic density before renormalization =   7.98274616489570     
  -- Total atomic density after renormalization =   8.00000000000001     
  Assemble neutral atomic potential 
   Write out xsf file vna.xsf                                 
======================================================================
  Solve Poisson equation
  residua vcaG =   0.000000000000000E+000  0.000000000000000E+000
   Write out xsf file fftpot.xsf                              
======================================================================
   Write out xsf file vhartree.xsf                            
======================================================================
  Assemble matrices
   
  Call diagonalizer for Hamiltonian. 
             The energy eigenvalues: 
  *********************************************** 
   eigenvalue(1) = -29.347975 eigenvalue(norbitals) =  73.891408
   
   
  ****************************************************** 
   
                  -  Welcome to denmat_G -               
   
  ****************************************************** 
  Fermi Level =   -3.48812928887742     
 pcharge =   8.00000043799505     
 mixer_KS
 =======> sigma =  0.1821973E-01 Must be less than 0.1000000E-07 SCF step =   1
  Assemble density
  -- Total density before renormalization =   7.98292672849790     
  -- Total density after renormalization =   8.00000000000003     
  residua drhoG =   8.964106142847417E-002  1.360395345777294E-003
  -- Check sum drho should go to zero =  5.647175435607998E-015
  -- |drho| =  6.423747400333754E-002
 Ankais Dip
  Dipole_x =  0.331353E-12  [D] 
  Dipole_y = -0.136907E-09  [D] 
  Dipole_z =  0.141103E+00  [D] 
  Dipole_tot =  0.141103E+00  [D] 
      BAD NEWS; results are not self-consistent 
   
   
  ****************************************************** 
  Begin time step =            1  scf step =            2
  ****************************************************** 
   
   
  ======================================================================
  Now we are assembling KS Hamiltonian. 
   
   
  Solve Poisson equation
  residua vcaG =   0.826619560937863       1.254480240983777E-002
   Write out xsf file fftpot.xsf                              
======================================================================
   Write out xsf file vhartree.xsf                            
======================================================================
  Assemble matrices
   
  Call diagonalizer for Hamiltonian. 
             The energy eigenvalues: 
  *********************************************** 
   eigenvalue(1) = -29.014549 eigenvalue(norbitals) =  73.886551
   
   
  ****************************************************** 
   
                  -  Welcome to denmat_G -               
   
  ****************************************************** 
  Fermi Level =   -3.23927433915100     
 pcharge =   8.00000046506346     
 mixer_KS
 =======> sigma =  0.1689246E-01 Must be less than 0.1000000E-07 SCF step =   2
  Assemble density
  -- Total density before renormalization =   7.98568969068225     
  -- Total density after renormalization =   8.00000000000004     
  residua drhoG =    1.28872841625909       1.955777978877125E-002
  -- Check sum drho should go to zero = -1.838806884535416E-015
  -- |drho| =  0.957475555168592     
 Ankais Dip
  Dipole_x = -0.136789E-12  [D] 
  Dipole_y = -0.210422E-08  [D] 
  Dipole_z =  0.209953E+01  [D] 
  Dipole_tot =  0.209953E+01  [D] 
      BAD NEWS; results are not self-consistent 
   
   
  ****************************************************** 
  Begin time step =            1  scf step =            3
  ****************************************************** 
   
   
  ======================================================================
  Now we are assembling KS Hamiltonian. 
   
   
  Solve Poisson equation
  residua vcaG =    11.4770345346095       0.174175808668510     
   Write out xsf file fftpot.xsf                              
======================================================================
   Write out xsf file vhartree.xsf                            
======================================================================
  Assemble matrices
   
  Call diagonalizer for Hamiltonian. 
             The energy eigenvalues: 
  *********************************************** 
   eigenvalue(1) = -24.615543 eigenvalue(norbitals) =  73.912936
   
   
  ****************************************************** 
   
                  -  Welcome to denmat_G -               
   
  ****************************************************** 
  Fermi Level =   6.657644098440763E-002
 pcharge =   8.00000081078059     
 mixer_KS
 =======> sigma =  0.6522080E-02 Must be less than 0.1000000E-07 SCF step =   3
  Assemble density
  -- Total density before renormalization =   7.98583493054428     
  -- Total density after renormalization =   8.00000000000000     
  residua drhoG =   0.336118269678855       5.100940600381900E-003
  -- Check sum drho should go to zero =  4.472117121068209E-015
  -- |drho| =  0.658305190922687     
 Ankais Dip
  Dipole_x =  0.278451E-12  [D] 
  Dipole_y = -0.161723E-08  [D] 
  Dipole_z =  0.137069E+01  [D] 
  Dipole_tot =  0.137069E+01  [D] 
      BAD NEWS; results are not self-consistent 
   
   
  ****************************************************** 
  Begin time step =            1  scf step =            4
  ****************************************************** 
   
   
  ======================================================================
  Now we are assembling KS Hamiltonian. 
   
   
  Solve Poisson equation
  residua vcaG =    4.11922261127948       6.251344171193816E-002
   Write out xsf file fftpot.xsf                              
======================================================================
   Write out xsf file vhartree.xsf                            
======================================================================
  Assemble matrices
   
  Call diagonalizer for Hamiltonian. 
             The energy eigenvalues: 
  *********************************************** 
   eigenvalue(1) = -26.193733 eigenvalue(norbitals) =  73.912932
   
   
  ****************************************************** 
   
                  -  Welcome to denmat_G -               
   
  ****************************************************** 
  Fermi Level =   -1.11706642748368     
 pcharge =   8.00000068515676     
 mixer_KS
 =======> sigma =  0.5813729E-02 Must be less than 0.1000000E-07 SCF step =   4
  Assemble density
  -- Total density before renormalization =   7.99187592519618     
  -- Total density after renormalization =   8.00000000000001     
  residua drhoG =    1.15084926880855       1.746532185172274E-002
  -- Check sum drho should go to zero =  6.092348847630547E-015
  -- |drho| =   1.16102090059679     
 Ankais Dip
  Dipole_x =  0.434580E-12  [D] 
  Dipole_y = -0.321272E-08  [D] 
  Dipole_z =  0.180784E+01  [D] 
  Dipole_tot =  0.180784E+01  [D] 
      BAD NEWS; results are not self-consistent 
   
   
  ****************************************************** 
  Begin time step =            1  scf step =            5
  ****************************************************** 
   
   
  ======================================================================
  Now we are assembling KS Hamiltonian. 
   
   
  Solve Poisson equation
  residua vcaG =    4.65774395744513       7.068605726613970E-002
   Write out xsf file fftpot.xsf                              
======================================================================
   Write out xsf file vhartree.xsf                            
======================================================================
  Assemble matrices
   
  Call diagonalizer for Hamiltonian. 
             The energy eigenvalues: 
  *********************************************** 
   eigenvalue(1) = -25.203421 eigenvalue(norbitals) =  74.243117
   
   
  ****************************************************** 
   
                  -  Welcome to denmat_G -               
   
  ****************************************************** 
  Fermi Level =  -0.291786624069461     
 pcharge =   8.00000074429985     
 mixer_KS
 =======> sigma =  0.1719820E-04 Must be less than 0.1000000E-07 SCF step =   5
  Assemble density
  -- Total density before renormalization =   7.99186795386420     
  -- Total density after renormalization =   8.00000000000001     
  residua drhoG =   1.818866972031241E-002  2.760317787305185E-004
  -- Check sum drho should go to zero =  1.303818164544168E-014
  -- |drho| =   1.16783377764258     
 Ankais Dip
  Dipole_x =  0.653332E-12  [D] 
  Dipole_y = -0.327112E-08  [D] 
  Dipole_z =  0.183508E+01  [D] 
  Dipole_tot =  0.183508E+01  [D] 
      BAD NEWS; results are not self-consistent 
   
   
  ****************************************************** 
  Begin time step =            1  scf step =            6
  ****************************************************** 
   
   
  ======================================================================
  Now we are assembling KS Hamiltonian. 
   
   
  Solve Poisson equation
  residua vcaG =   0.170325144437368       2.584859327511698E-003
   Write out xsf file fftpot.xsf                              
======================================================================
   Write out xsf file vhartree.xsf                            
======================================================================
  Assemble matrices
   
  Call diagonalizer for Hamiltonian. 
             The energy eigenvalues: 
  *********************************************** 
   eigenvalue(1) = -25.137985 eigenvalue(norbitals) =  74.243665
   
   
  ****************************************************** 
   
                  -  Welcome to denmat_G -               
   
  ****************************************************** 
  Fermi Level =  -0.242572427290032     
 pcharge =   8.00000074953671     
 mixer_KS
 =======> sigma =  0.1038020E-04 Must be less than 0.1000000E-07 SCF step =   6
  Assemble density
  -- Total density before renormalization =   7.99227534412785     
  -- Total density after renormalization =   7.99999999999997     
  residua drhoG =   6.429545360254441E-002  9.757496669685538E-004
  -- Check sum drho should go to zero = -5.259681579161679E-015
  -- |drho| =   1.16421872869036     
 Ankais Dip
  Dipole_x = -0.347438E-12  [D] 
  Dipole_y = -0.431606E-08  [D] 
  Dipole_z =  0.178664E+01  [D] 
  Dipole_tot =  0.178664E+01  [D] 
      BAD NEWS; results are not self-consistent 
   
   
  ****************************************************** 
  Begin time step =            1  scf step =            7
  ****************************************************** 
   
   
  ======================================================================
  Now we are assembling KS Hamiltonian. 
   
   
  Solve Poisson equation
  residua vcaG =   0.282591626235371       4.288618708436228E-003
   Write out xsf file fftpot.xsf                              
======================================================================
   Write out xsf file vhartree.xsf                            
======================================================================
  Assemble matrices
   
  Call diagonalizer for Hamiltonian. 
             The energy eigenvalues: 
  *********************************************** 
   eigenvalue(1) = -25.068354 eigenvalue(norbitals) =  74.291509
   
   
  ****************************************************** 
   
                  -  Welcome to denmat_G -               
   
  ****************************************************** 
  Fermi Level =  -0.178387857290685     
 pcharge =   8.00000075021991     
 mixer_KS
 =======> sigma =  0.3263409E-06 Must be less than 0.1000000E-07 SCF step =   7
  Assemble density
  -- Total density before renormalization =   7.99222935155795     
  -- Total density after renormalization =   7.99999999999999     
  residua drhoG =   8.326217832754779E-003  1.263589230996047E-004
  -- Check sum drho should go to zero = -3.101685575046531E-015
  -- |drho| =   1.16054476085941     
 Ankais Dip
  Dipole_x = -0.128035E-12  [D] 
  Dipole_y = -0.430035E-08  [D] 
  Dipole_z =  0.178555E+01  [D] 
  Dipole_tot =  0.178555E+01  [D] 
      BAD NEWS; results are not self-consistent 
   
   
  ****************************************************** 
  Begin time step =            1  scf step =            8
  ****************************************************** 
   
   
  ======================================================================
  Now we are assembling KS Hamiltonian. 
   
   
  Solve Poisson equation
  residua vcaG =   2.463422311316599E-002  3.738496837939648E-004
   Write out xsf file fftpot.xsf                              
======================================================================
   Write out xsf file vhartree.xsf                            
======================================================================
  Assemble matrices
   
  Call diagonalizer for Hamiltonian. 
             The energy eigenvalues: 
  *********************************************** 
   eigenvalue(1) = -25.069301 eigenvalue(norbitals) =  74.288296
   
   
  ****************************************************** 
   
                  -  Welcome to denmat_G -               
   
  ****************************************************** 
  Fermi Level =  -0.179901501945301     
 pcharge =   8.00000075025899     
 mixer_KS
 =======> sigma =  0.1260729E-06 Must be less than 0.1000000E-07 SCF step =   8
  Assemble density
  -- Total density before renormalization =   7.99221601411798     
  -- Total density after renormalization =   7.99999999999997     
  residua drhoG =   2.902646123880359E-003  4.405064168630021E-005
  -- Check sum drho should go to zero =  2.033095913844818E-015
  -- |drho| =   1.16074833855769     
 Ankais Dip
  Dipole_x =  0.196432E-12  [D] 
  Dipole_y = -0.400388E-08  [D] 
  Dipole_z =  0.178954E+01  [D] 
  Dipole_tot =  0.178954E+01  [D] 
      BAD NEWS; results are not self-consistent 
   
   
  ****************************************************** 
  Begin time step =            1  scf step =            9
  ****************************************************** 
   
   
  ======================================================================
  Now we are assembling KS Hamiltonian. 
   
   
  Solve Poisson equation
  residua vcaG =   1.320316637411700E-002  2.003716354831852E-004
   Write out xsf file fftpot.xsf                              
======================================================================
   Write out xsf file vhartree.xsf                            
======================================================================
  Assemble matrices
   
  Call diagonalizer for Hamiltonian. 
             The energy eigenvalues: 
  *********************************************** 
   eigenvalue(1) = -25.066872 eigenvalue(norbitals) =  74.286347
   
   
  ****************************************************** 
   
                  -  Welcome to denmat_G -               
   
  ****************************************************** 
  Fermi Level =  -0.178566953211872     
 pcharge =   8.00000075062500     
 mixer_KS
 =======> sigma =  0.6232849E-08 Must be less than 0.1000000E-07 SCF step =   9
  Assemble density
  -- Total density before renormalization =   7.99221678610317     
  -- Total density after renormalization =   7.99999999999998     
  residua drhoG =   6.891882326405252E-004  1.045914058923486E-005
  -- Check sum drho should go to zero = -7.008282842946301E-016
  -- |drho| =   1.16091622771822     
 Ankais Dip
  Dipole_x = -0.144209E-14  [D] 
  Dipole_y = -0.395098E-08  [D] 
  Dipole_z =  0.179039E+01  [D] 
  Dipole_tot =  0.179039E+01  [D] 
   
   
  ****************************************************** 
   
                  -  Welcome to denmat_G -               
   
  ****************************************************** 
   
  Call diagonalizer for Hamiltonian. 
             The energy eigenvalues: 
  *********************************************** 
   
   
  ****************************************************** 
   
                  -  Welcome to denmat_G -               
   
  ****************************************************** 
   
   
  ****************************************************** 
   
                  -  Welcome to denmat_G -               
   
  ****************************************************** 
   
  Call diagonalizer for Hamiltonian. 
             The energy eigenvalues: 
  *********************************************** 
   
   
  ****************************************************** 
   
                  -  Welcome to denmat_G -               
   
  ****************************************************** 
   
   
  ****************************************************** 
   
                  -  Welcome to denmat_G -               
   
  ****************************************************** 
   
   
  ****************************************************** 
   
                  -  Welcome to denmat_G -               
   
  ****************************************************** 
   
   
  ****************************************************** 
   
                  -  Welcome to denmat_G -               
   
  ****************************************************** 
 calculate Q0_TOT
 Q0_TOT   6.00000000000000        1.00000000000000        1.00000000000000     
intra | res | intra+res dipole ( O  )=     0.0000    0.0000    0.6793 |    -0.0000   -0.0000    0.1151 |     0.0000   -0.0000    0.7944
intra | res | intra+res dipole ( H  )=     0.0000    0.0000   -0.0000 |    -0.0000    0.0460    0.0575 |    -0.0000    0.0460    0.0575
intra | res | intra+res dipole ( H  )=     0.0000   -0.0000   -0.0000 |    -0.0000   -0.0460    0.0575 |    -0.0000   -0.0460    0.0575
   
  ------- THE TOTAL BAND STRUCTURE ENERGY ------- 
   
 EBS =          -103.402326 Time step =     1 SCF step =    9 SCF success! 
  ----------------------------------------------- 
   
  Welcome to assemble_usrG.f! 
   
  Solve Poisson equation
  Assemble Double Counting Correction on the Grid
 Double counting correction terms from the Grid:
 uXCdcc =     34.908063
 dVH*dn  =     -2.157661
 dVH*n0  =    -35.213969
 uHdcc  =    -37.371630
 VNA*dn =   15.7039641922521     
 VNA*n  =   189.683789523140     
 dVH*n  =  -19.7646458078850     
 UiiUee0 =  -358.971141966856     
  ---------- T H E  T O T A L  E N E R G Y ----------- 
   Time step =      1 SCF step =   9 etot/atom =    -154.945679
   
             ebs =     -103.402326
       uii - uee =     -396.342772
       etotxc_1c =        0.000000
          uxcdcc =       34.908063
            ETOT =     -464.837036
       Etot/atom =     -154.945679
   Atomic Energy =        0.000000
       CohesiveE =     -464.837036
   
   Cohesive Energy per atom  =     -154.945679
  ----------------------------------------------------- 
  FIREBALL RUNTIME :    63.0078380000000      [sec]
