intra | res | intra+res dipole ( O  )=     0.0000    0.0000    0.5266 |    -0.0000   -0.0000    0.0558 |     0.0000   -0.0000    0.5824
intra | res | intra+res dipole ( H  )=     0.0000    0.0000   -0.0000 |    -0.0000    0.0223    0.0279 |    -0.0000    0.0223    0.0279
intra | res | intra+res dipole ( H  )=     0.0000   -0.0000   -0.0000 |    -0.0000   -0.0223    0.0279 |    -0.0000   -0.0223    0.0279
