               Welcome to FIREBALL QMD !        
           A fast local orbital QMD Package     
      brought to you by the Fireball Committee: 
   
                  James P. Lewis 
         Department of Physics and Astronomy 
              Brigham Young University 
   
                  Otto F. Sankey 
        Department of Physics and Astronomy 
            Arizona State University 
   
                   Jose Ortega 
              Departmento de Fisica 
        Teorica de la Materia Condensada 
         Universidad Autonoma de Madrid 
   
                 Pavel Jelinek 
              Institute of Physics 
             Prague, Czech Republic 
   
   
              with contributions from: 
   
  Alex A. Demkov (Motorola Physical Sciences Research Labs)
  Gary B. Adams (Arizona State University) 
  Jian Jun Dong (Arizona State University) 
  David A. Drabold (Ohio University) 
  Peter A. Fedders (Washington University) 
  Kurt R. Glaesemann (University of Utah) 
  Kevin Schmidt (Arizona State University) 
  Spencer Shellman (University of Utah) 
  John Tomfohr (Arizona State University) 
  Hao Wang (Brigham Young University) 
  Daniel G. Trabada (Universidad Autonoma de Madrid) 
  Jesus I. Mendieta-Moreno (Universidad Autonoma de Madrid) 
   
   
   fireball-qmd is a free (GPLv3) open project  
   
   
   
  ======================================================================
  Now reading file fireball.in 
   
   
  ----- WARNING ----
  KS theory requires Mulliken charges
  Mulliken charges switched on
  ======================================================================
  The name of the basisfile: 
   file = input.bas                     
   
  ======================================================================
  The name of the lattice vector file: 
   file = input.lvs                     
   
  ======================================================================
  The name of the k-points file: 
   file = input.kpts                    
  iimage =            0
   
  The maximum number of iterations to self- 
  consistency.
  max_scf_iterations =          200
  ======================================================================
   
  Now we are reading from the info.dat file. 
   
  Reading atom Coordinates from Basis File 
   
  You are doing a cluster calculation 
  Lattice vectors are not needed or read in 
   
   
  You are doing a cluster calculation 
  k-points are not read in 
   
   
  ======================================================================
  You have chosen iquench =           -1
  Optionally read information from the fireball.in file. 
   
   
  ======================================================================
  Now reading file fireball.in 
   
  In the event that you are searching for an energy 
  minimum, you can also choose energy and force 
  tolerances - energy_tol and force_tol. These tolerances 
  will stop execution after they are achieved. Input a 
  number for all of the following, even if option is not 
  being used! 
  Input energy_tol, force_tol, T_want, taurelax: 
   
  energy tolerance =   1.000000000000000E-004  [eV]
  force tolerance  =   5.000000000000000E-002  [eV/A]
  T_want =   0.000000000000000E+000  [K]
  taurelax =    50.0000000000000     
  ======================================================================
   
   
  The Input Charges Are: 
  ======================================================================
   Atom #    Type    Shells   Charges 
  ======================================================================
       1       O       9      2.00  1.33  1.33  1.33  0.00  0.00  0.00  0.00  0.00
       2       H       2      1.00  0.00
       3       H       2      1.00  0.00
  ======================================================================
   
  ---------------------  DEFINE GRID  ----------------------*
   Openning fireball.in file
    Ecut =     4.000000
    ifixg0 = 0
    droff =     1.000000
   
  ---------------------  END READGRID  ----------------------*
   
   Calculated position of the Center-of-Mass:     0.000    0.000    0.054
   
  Constraining angular momentum!!!! 
   
   initial lcm =    0.0000000D+00   0.0000000D+00   0.0000000D+00
     final lcm =    0.0000000D+00   0.0000000D+00   0.0000000D+00
  Constraining the velocities about the center-of-mass 
  Rescaling the velocities based on desired temperature. 
 T_instantaneous  0.000000000000000E+000
 T_initial  0.000000000000000E+000
   
  Atom Velocities: 
  ======================================================================
   Atom #    Type        x           y           z        Species # 
  ======================================================================
       1       O      0.00000     0.00000     0.00000        2
       2       H      0.00000     0.00000     0.00000        1
       3       H      0.00000     0.00000     0.00000        1
  call read_wf
    Read wave function from file: /home/jorge/FB/charges/runs/HCNOF_test/F
     shell:  1 ispec: 1 dr =     0.0026458862
       Checking normalization [NORM(l) should be 1]
       NORM (shell = 1) =   0.999999999746
    --------------------------------------------------- 
   Checking normalization for mesh:           40
       NORM (shell = 1) =   0.999990108210
    --------------------------------------------------- 
    Read wave function from file: /home/jorge/FB/charges/runs/HCNOF_test/F
     shell:  2 ispec: 1 dr =     0.0026458862
       Checking normalization [NORM(l) should be 1]
       NORM (shell = 2) =   0.999999999741
    --------------------------------------------------- 
   Checking normalization for mesh:           40
       NORM (shell = 2) =   0.998909767649
    --------------------------------------------------- 
    Read wave function from file: /home/jorge/FB/charges/runs/HCNOF_test/F
     shell:  1 ispec: 2 dr =     0.0026458862
       Checking normalization [NORM(l) should be 1]
       NORM (shell = 1) =   0.999999999722
    --------------------------------------------------- 
   Checking normalization for mesh:           40
       NORM (shell = 1) =   0.999999980753
    --------------------------------------------------- 
    Read wave function from file: /home/jorge/FB/charges/runs/HCNOF_test/F
     shell:  2 ispec: 2 dr =     0.0026458862
       Checking normalization [NORM(l) should be 1]
       NORM (shell = 2) =   0.999999999757
    --------------------------------------------------- 
   Checking normalization for mesh:           40
       NORM (shell = 2) =   0.999999804845
    --------------------------------------------------- 
    Read wave function from file: /home/jorge/FB/charges/runs/HCNOF_test/F
     shell:  3 ispec: 2 dr =     0.0026458862
       Checking normalization [NORM(l) should be 1]
       NORM (shell = 3) =   0.999999999750
    --------------------------------------------------- 
   Checking normalization for mesh:           40
       NORM (shell = 3) =   1.000000011728
    --------------------------------------------------- 
   
  *---------------------  END READ_WF  ----------------------*
  call read_vna
    Read neutral atomic potential from file: /home/jorge/FB/charges/runs/HCNOF_test/F
    Read neutral atomic potential from file: /home/jorge/FB/charges/runs/HCNOF_test/F
   
  *---------------------  END READ_VNA  ----------------------*
  initialize grid
  ---------------------------------
           Lattice vector          
  ---------------------------------
   21.3716586857641       0.000000000000000E+000  0.000000000000000E+000
  0.000000000000000E+000   21.3716586857641       0.000000000000000E+000
  0.000000000000000E+000  0.000000000000000E+000   21.3716586857641     
 atomic units
   40.3865788375268       0.000000000000000E+000  0.000000000000000E+000
  0.000000000000000E+000   40.3865788375268       0.000000000000000E+000
  0.000000000000000E+000  0.000000000000000E+000   40.3865788375268     
 Reciporocal Lattice vector [Angstrom]:
  0.293996146932895       0.000000000000000E+000  0.000000000000000E+000
  0.000000000000000E+000  0.293996146932895       0.000000000000000E+000
  0.000000000000000E+000  0.000000000000000E+000  0.293996146932895     
 Volume [Ang^3]=    9761.45797980489     
 Reciporocal Lattice vector [abohr]:
  0.155576072250549       0.000000000000000E+000  0.000000000000000E+000
  0.000000000000000E+000  0.155576072250549       0.000000000000000E+000
  0.000000000000000E+000  0.000000000000000E+000  0.155576072250549     
 Reciporocal Elementary Lattice vector [Angstrom]:
   4.02402084295337       0.000000000000000E+000  0.000000000000000E+000
  0.000000000000000E+000   4.02402084295337       0.000000000000000E+000
  0.000000000000000E+000  0.000000000000000E+000   4.02402084295337     
 Volume [Ang^3]=    65.1599383325638     
 Reciporocal Elementary Lattice vector [abohr]:
   4.02402084295337       0.000000000000000E+000  0.000000000000000E+000
  0.000000000000000E+000   4.02402084295337       0.000000000000000E+000
  0.000000000000000E+000  0.000000000000000E+000   4.02402084295337     
   ---------  Begin mesh Info --------- 
 
 Rc_max = 2.645885
   Ecut =         4.000000 [Ry] 
   droff =         1.000000 [Ang] 
   Virtual initial grid point :    -10.68582934    -10.68582934    -10.97136268
 Regular mesh:        86       86       86   636056
dVol :      0.01534685
 Extended mesh:       108      108      108  1259712
  Elementary grid lattice vector :
          0.24850766      0.00000000      0.00000000
          0.00000000      0.24850766      0.00000000
          0.00000000      0.00000000      0.24850766
   ---------   End mesh Info --------- 
 atomic mesh
 Atomic mesh:        23       23       23     5041
   ----    the FDM grid informations   ----- 
   Ecut =         4.000000 [Ry] 
   Normal FDM mesh:       636056
   Number of points =        86       86       86
   Extended FDM mesh:       681472
   Number of points =        88       88       88
 
  In setgear, using gear order of            2
 
  Initiallizing arrays 
 Initialize density matrix
    Initialize density matrix (using atomic configuration) 
   
  ======================================================================
  READING DATA FROM DATA FILES IN FDATA DIRECTORY: 
  ======================================================================
   
  Calling read_2c for 2-Center Interaction #            1
  ======================================================================
   
  Calling read_2c for 2-Center Interaction #            2
  ======================================================================
   
  Calling read_2c for 2-Center Interaction #            3
  ======================================================================
   
  Calling read_2c for 2-Center Interaction #            4
  ======================================================================
   
  Calling read_2c for 2-Center Interaction #            5
  ======================================================================
   
  Calling read_2c for 2-Center Interaction #            6
  ======================================================================
   
  Calling read_2c for 2-Center Interaction #            7
  ======================================================================
   
  Calling read_2c for 2-Center Interaction #            8
  ======================================================================
   
  Calling read_2c for 2-Center Interaction #           9
  ======================================================================
   
  Calling read_2c for 2-Center Interaction #           10
  ======================================================================
   
  Calling read_2c for 2-Center Interaction #           11
  ======================================================================
   
  Calling read_2c for 2-Center Interaction #           12
  ======================================================================
   
  Calling read_2c for 2-Center Interaction #           13
  ======================================================================
   
  Calling read3c for 3-Center Interaction #            1
  ======================================================================
  ======================================================================
  Running setterp_2d. Set up two-dimensional interpolator. 
   
  ======================================================= 
              Begin molecular dynamics simulation. 
  ======================================================= 
   
   
   
  ****************************************************** 
  Begin time step =            1  scf step =            1
  ****************************************************** 
   
   
  ======================================================================
  Now we are assembling KS Hamiltonian. 
   
   
   
   
  Assemble two-center interactions. 
   
  Assemble three-center interactions. 
  Assemble three-center PP interactions. 
  Assemble atomic density 
 elvec
    0.248508    0.000000    0.000000
    0.000000    0.248508    0.000000
    0.000000    0.000000    0.248508
 Rc_max =   2.64588500000000     
  Psi^2 =   13.4371713964386     
 vol    =  1.534685307552306E-002
 # hit  =       65533
SPHERE =     0.0153469  1005.7253226    77.5892407   928.1360819    12.9621751
  -- Total atomic density before renormalization =   7.98368706236697     
  -- Total atomic density after renormalization =   7.99999999999999     
  Assemble neutral atomic potential 
   Write out xsf file vna.xsf                                 
======================================================================
  Solve Poisson equation
  residua vcaG =   0.000000000000000E+000  0.000000000000000E+000
   Write out xsf file fftpot.xsf                              
======================================================================
   Write out xsf file vhartree.xsf                            
======================================================================
  Assemble matrices
   
  Call diagonalizer for Hamiltonian. 
             The energy eigenvalues: 
  *********************************************** 
   eigenvalue(1) = -28.758868 eigenvalue(norbitals) =  76.429200
   
   
  ****************************************************** 
   
                  -  Welcome to denmat_G -               
   
  ****************************************************** 
  Fermi Level =   -2.41185106405047     
 pcharge =   8.00000051565877     
 mixer_KS
 =======> sigma =  0.1824976E-01 Must be less than 0.1000000E-07 SCF step =   1
  Assemble density
  -- Total density before renormalization =   7.98386071892056     
  -- Total density after renormalization =   7.99999999999998     
  residua drhoG =   8.917808751703316E-002  1.368603006680045E-003
  -- Check sum drho should go to zero =  1.557131160123681E-015
  -- |drho| =  6.201365745938328E-002
 Ankais Dip
  Dipole_x =  0.797132E-13  [D] 
  Dipole_y = -0.175439E-09  [D] 
  Dipole_z =  0.132876E+00  [D] 
  Dipole_tot =  0.132876E+00  [D] 
             BAD NEWS; results are not self-consistent 
   
   
  ****************************************************** 
  Begin time step =            1  scf step =            2
  ****************************************************** 
   
   
  ======================================================================
  Now we are assembling KS Hamiltonian. 
   
   
  Solve Poisson equation
  residua vcaG =   0.805251877026170       1.235808224550979E-002
   Write out xsf file fftpot.xsf                              
======================================================================
   Write out xsf file vhartree.xsf                            
======================================================================
  Assemble matrices
   
  Call diagonalizer for Hamiltonian. 
             The energy eigenvalues: 
  *********************************************** 
   eigenvalue(1) = -28.437937 eigenvalue(norbitals) =  76.420380
   
   
  ****************************************************** 
   
                  -  Welcome to denmat_G -               
   
  ****************************************************** 
  Fermi Level =   -2.17335779565036     
 pcharge =   8.00000054689351     
 mixer_KS
 =======> sigma =  0.1691714E-01 Must be less than 0.1000000E-07 SCF step =   2
  Assemble density
  -- Total density before renormalization =   7.98667252974870     
  -- Total density after renormalization =   8.00000000000001     
  residua drhoG =    1.32797122425961       2.038017926723478E-002
  -- Check sum drho should go to zero = -9.377915111130619E-015
  -- |drho| =  0.954838430231449     
 Ankais Dip
  Dipole_x = -0.408937E-12  [D] 
  Dipole_y = -0.275092E-08  [D] 
  Dipole_z =  0.204000E+01  [D] 
  Dipole_tot =  0.204000E+01  [D] 
             BAD NEWS; results are not self-consistent 
   
   
  ****************************************************** 
  Begin time step =            1  scf step =            3
  ****************************************************** 
   
   
  ======================================================================
  Now we are assembling KS Hamiltonian. 
   
   
  Solve Poisson equation
  residua vcaG =    11.5756166574634       0.177649288100668     
   Write out xsf file fftpot.xsf                              
======================================================================
   Write out xsf file vhartree.xsf                            
======================================================================
  Assemble matrices
   
  Call diagonalizer for Hamiltonian. 
             The energy eigenvalues: 
  *********************************************** 
   eigenvalue(1) = -24.059684 eigenvalue(norbitals) =  76.398323
   
   
  ****************************************************** 
   
                  -  Welcome to denmat_G -               
   
  ****************************************************** 
  Fermi Level =    1.10481767040443     
 pcharge =   8.00000095738658     
 mixer_KS
 =======> sigma =  0.6185964E-02 Must be less than 0.1000000E-07 SCF step =   3
  Assemble density
  -- Total density before renormalization =   7.98681146122419     
  -- Total density after renormalization =   8.00000000000001     
  residua drhoG =   0.338031822662688       5.187724717255541E-003
  -- Check sum drho should go to zero = -6.585010314807960E-015
  -- |drho| =  0.663761241648794     
 Ankais Dip
  Dipole_x = -0.299462E-12  [D] 
  Dipole_y = -0.199520E-08  [D] 
  Dipole_z =  0.133279E+01  [D] 
  Dipole_tot =  0.133279E+01  [D] 
             BAD NEWS; results are not self-consistent 
   
   
  ****************************************************** 
  Begin time step =            1  scf step =            4
  ****************************************************** 
   
   
  ======================================================================
  Now we are assembling KS Hamiltonian. 
   
   
  Solve Poisson equation
  residua vcaG =    4.09597265272566       6.286029050274107E-002
   Write out xsf file fftpot.xsf                              
======================================================================
   Write out xsf file vhartree.xsf                            
======================================================================
  Assemble matrices
   
  Call diagonalizer for Hamiltonian. 
             The energy eigenvalues: 
  *********************************************** 
   eigenvalue(1) = -25.601278 eigenvalue(norbitals) =  76.431962
   
   
  ****************************************************** 
   
                  -  Welcome to denmat_G -               
   
  ****************************************************** 
  Fermi Level =  -4.296775287434507E-002
 pcharge =   8.00000081040253     
 mixer_KS
 =======> sigma =  0.5400359E-02 Must be less than 0.1000000E-07 SCF step =   4
  Assemble density
  -- Total density before renormalization =   7.99230959580523     
  -- Total density after renormalization =   8.00000000000002     
  residua drhoG =    1.09276573835264       1.677051523246339E-002
  -- Check sum drho should go to zero =  3.122502256758253E-015
  -- |drho| =   1.12679356923338     
 Ankais Dip
  Dipole_x =  0.106728E-12  [D] 
  Dipole_y = -0.332300E-08  [D] 
  Dipole_z =  0.166874E+01  [D] 
  Dipole_tot =  0.166874E+01  [D] 
             BAD NEWS; results are not self-consistent 
   
   
  ****************************************************** 
  Begin time step =            1  scf step =            5
  ****************************************************** 
   
   
  ======================================================================
  Now we are assembling KS Hamiltonian. 
   
   
  Solve Poisson equation
  residua vcaG =    4.12892466095060       6.336600013151275E-002
   Write out xsf file fftpot.xsf                              
======================================================================
   Write out xsf file vhartree.xsf                            
======================================================================
  Assemble matrices
   
  Call diagonalizer for Hamiltonian. 
             The energy eigenvalues: 
  *********************************************** 
   eigenvalue(1) = -24.724249 eigenvalue(norbitals) =  76.796459
   
   
  ****************************************************** 
   
                  -  Welcome to denmat_G -               
   
  ****************************************************** 
  Fermi Level =   0.705928324657531     
 pcharge =   8.00000086276675     
 mixer_KS
 =======> sigma =  0.1663177E-04 Must be less than 0.1000000E-07 SCF step =   5
  Assemble density
  -- Total density before renormalization =   7.99229752495500     
  -- Total density after renormalization =   8.00000000000000     
  residua drhoG =   1.998502197458141E-002  3.067071959550006E-004
  -- Check sum drho should go to zero = -4.073130721593543E-015
  -- |drho| =   1.13290040685351     
 Ankais Dip
  Dipole_x = -0.202442E-12  [D] 
  Dipole_y = -0.339369E-08  [D] 
  Dipole_z =  0.169594E+01  [D] 
  Dipole_tot =  0.169594E+01  [D] 
             BAD NEWS; results are not self-consistent 
   
   
  ****************************************************** 
  Begin time step =            1  scf step =            6
  ****************************************************** 
   
   
  ======================================================================
  Now we are assembling KS Hamiltonian. 
   
   
  Solve Poisson equation
  residua vcaG =   0.178102906389746       2.733319136687074E-003
   Write out xsf file fftpot.xsf                              
======================================================================
   Write out xsf file vhartree.xsf                            
======================================================================
  Assemble matrices
   
  Call diagonalizer for Hamiltonian. 
             The energy eigenvalues: 
  *********************************************** 
   eigenvalue(1) = -24.658067 eigenvalue(norbitals) =  76.795389
   
   
  ****************************************************** 
   
                  -  Welcome to denmat_G -               
   
  ****************************************************** 
  Fermi Level =   0.755297000422411     
 pcharge =   8.00000086914362     
 mixer_KS
 =======> sigma =  0.9632928E-05 Must be less than 0.1000000E-07 SCF step =   6
  Assemble density
  -- Total density before renormalization =   7.99270235057700     
  -- Total density after renormalization =   8.00000000000002     
  residua drhoG =   6.029498132297029E-002  9.253382195550319E-004
  -- Check sum drho should go to zero = -2.220446049250313E-016
  -- |drho| =   1.12970085137589     
 Ankais Dip
  Dipole_x =  0.537301E-13  [D] 
  Dipole_y = -0.428406E-08  [D] 
  Dipole_z =  0.165235E+01  [D] 
  Dipole_tot =  0.165235E+01  [D] 
             BAD NEWS; results are not self-consistent 
   
   
  ****************************************************** 
  Begin time step =            1  scf step =            7
  ****************************************************** 
   
   
  ======================================================================
  Now we are assembling KS Hamiltonian. 
   
   
  Solve Poisson equation
  residua vcaG =   0.273854435618554       4.202803787518239E-003
   Write out xsf file fftpot.xsf                              
======================================================================
   Write out xsf file vhartree.xsf                            
======================================================================
  Assemble matrices
   
  Call diagonalizer for Hamiltonian. 
             The energy eigenvalues: 
  *********************************************** 
   eigenvalue(1) = -24.590553 eigenvalue(norbitals) =  76.851429
   
   
  ****************************************************** 
   
                  -  Welcome to denmat_G -               
   
  ****************************************************** 
  Fermi Level =   0.819942510842283     
 pcharge =   8.00000086997454     
 mixer_KS
 =======> sigma =  0.2668105E-06 Must be less than 0.1000000E-07 SCF step =   7
  Assemble density
  -- Total density before renormalization =   7.99267263488268     
  -- Total density after renormalization =   8.00000000000000     
  residua drhoG =   7.025229249039810E-003  1.078151611068812E-004
  -- Check sum drho should go to zero = -2.227384943154220E-015
  -- |drho| =   1.12659271321795     
 Ankais Dip
  Dipole_x = -0.142062E-12  [D] 
  Dipole_y = -0.427869E-08  [D] 
  Dipole_z =  0.165066E+01  [D] 
  Dipole_tot =  0.165066E+01  [D] 
             BAD NEWS; results are not self-consistent 
   
   
  ****************************************************** 
  Begin time step =            1  scf step =            8
  ****************************************************** 
   
   
  ======================================================================
  Now we are assembling KS Hamiltonian. 
   
   
  Solve Poisson equation
  residua vcaG =   2.296064312978174E-002  3.523736166322783E-004
   Write out xsf file fftpot.xsf                              
======================================================================
   Write out xsf file vhartree.xsf                            
======================================================================
  Assemble matrices
   
  Call diagonalizer for Hamiltonian. 
             The energy eigenvalues: 
  *********************************************** 
   eigenvalue(1) = -24.592775 eigenvalue(norbitals) =  76.849059
   
   
  ****************************************************** 
   
                  -  Welcome to denmat_G -               
   
  ****************************************************** 
  Fermi Level =   0.817683338474895     
 pcharge =   8.00000086988913     
 mixer_KS
 =======> sigma =  0.2473936E-06 Must be less than 0.1000000E-07 SCF step =   8
  Assemble density
  -- Total density before renormalization =   7.99267108560451     
  -- Total density after renormalization =   7.99999999999998     
  residua drhoG =   3.751199406869521E-003  5.756910615421577E-005
  -- Check sum drho should go to zero =  7.646661082105766E-015
  -- |drho| =   1.12729446567366     
 Ankais Dip
  Dipole_x =  0.387945E-12  [D] 
  Dipole_y = -0.399311E-08  [D] 
  Dipole_z =  0.165890E+01  [D] 
  Dipole_tot =  0.165890E+01  [D] 
             BAD NEWS; results are not self-consistent 
   
   
  ****************************************************** 
  Begin time step =            1  scf step =            9
  ****************************************************** 
   
   
  ======================================================================
  Now we are assembling KS Hamiltonian. 
   
   
  Solve Poisson equation
  residua vcaG =   2.481099605064330E-002  3.807707110466055E-004
   Write out xsf file fftpot.xsf                              
======================================================================
   Write out xsf file vhartree.xsf                            
======================================================================
  Assemble matrices
   
  Call diagonalizer for Hamiltonian. 
             The energy eigenvalues: 
  *********************************************** 
   eigenvalue(1) = -24.588407 eigenvalue(norbitals) =  76.845075
   
   
  ****************************************************** 
   
                  -  Welcome to denmat_G -               
   
  ****************************************************** 
  Fermi Level =   0.819963831286701     
 pcharge =   8.00000087067735     
 mixer_KS
 =======> sigma =  0.1683334E-08 Must be less than 0.1000000E-07 SCF step =   9
  Assemble density
  -- Total density before renormalization =   7.99267293622953     
  -- Total density after renormalization =   7.99999999999999     
  residua drhoG =   4.672658946240915E-004  7.171061031998772E-006
  -- Check sum drho should go to zero = -1.762479051592436E-015
  -- |drho| =   1.12744205256682     
 Ankais Dip
  Dipole_x = -0.807884E-13  [D] 
  Dipole_y = -0.398229E-08  [D] 
  Dipole_z =  0.165956E+01  [D] 
  Dipole_tot =  0.165956E+01  [D] 
   
   
  ****************************************************** 
   
                  -  Welcome to denmat_G -               
   
  ****************************************************** 
 calculate Q0_TOT
 Q0_TOT   6.00000000000000        1.00000000000000        1.00000000000000     
intra | res | intra+res dipole ( O  )=     0.0000    0.0000    0.5266 |    -0.0000   -0.0000    0.0558 |     0.0000   -0.0000    0.5824
intra | res | intra+res dipole ( H  )=     0.0000    0.0000   -0.0000 |    -0.0000    0.0223    0.0279 |    -0.0000    0.0223    0.0279
intra | res | intra+res dipole ( H  )=     0.0000   -0.0000   -0.0000 |    -0.0000   -0.0223    0.0279 |    -0.0000   -0.0223    0.0279
   
  ------- THE TOTAL BAND STRUCTURE ENERGY ------- 
   
 EBS =          -100.434088 Time step =     1 SCF step =    9 SCF success! 
  ----------------------------------------------- 
   
  Welcome to assemble_usrG.f! 
   
  Solve Poisson equation
  Assemble Double Counting Correction on the Grid
 Double counting correction terms from the Grid:
 uXCdcc =     35.088486
 dVH*dn  =     -2.027174
 dVH*n0  =    -34.202347
 uHdcc  =    -36.229522
 VNA*dn =   15.4114962902837     
 VNA*n  =   188.240808818539     
 dVH*n  =  -19.1283480621514     
 UiiUee0 =  -363.419000704134     
  ---------- T H E  T O T A L  E N E R G Y ----------- 
   Time step =      1 SCF step =   9 etot/atom =    -154.998041
   
             ebs =     -100.434088
       uii - uee =     -399.648522
       etotxc_1c =        0.000000
          uxcdcc =       35.088486
            ETOT =     -464.994124
       Etot/atom =     -154.998041
   Atomic Energy =        0.000000
       CohesiveE =     -464.994124
   
   Cohesive Energy per atom  =     -154.998041
  ----------------------------------------------------- 
  FIREBALL RUNTIME :    48.0635060000000      [sec]
